{"level":"info","time":"2026-03-05T04:52:13.974Z","pid":1,"hostname":"041c6bf1d94c","msg":"Redis 连接成功"}
{"level":"info","time":"2026-03-05T04:52:13.984Z","pid":1,"hostname":"041c6bf1d94c","msg":"服务启动","host":"localhost","port":3000,"env":"production","msg":"Elysia 已启动 http://localhost:3000"}
{"level":"info","time":"2026-03-05T04:52:18.630Z","pid":1,"hostname":"041c6bf1d94c","msg":"request","method":"GET","path":"/nodejs_api/user/captcha","query":"?q=9706907112318369"}
{"level":"info","time":"2026-03-05T04:52:18.642Z","pid":1,"hostname":"041c6bf1d94c","msg":"图形验证码","captchaText":"mmpt","captchaId":"7a084257-5ef1-4fdd-8b81-d1b0a461082f"}
{"level":"info","time":"2026-03-05T04:54:17.298Z","pid":1,"hostname":"041c6bf1d94c","msg":"request","method":"GET","path":"/nodejs_api/user/captcha","query":"?q=3173951084453397"}
{"level":"info","time":"2026-03-05T04:54:17.325Z","pid":1,"hostname":"041c6bf1d94c","msg":"图形验证码","captchaText":"xujp","captchaId":"f80256d5-e1a0-4b70-94b9-138c6e254136"}
{"level":"info","time":"2026-03-05T04:56:02.137Z","pid":1,"hostname":"041c6bf1d94c","msg":"request","method":"GET","path":"/"}
{"level":"info","time":"2026-03-05T04:56:02.324Z","pid":1,"hostname":"041c6bf1d94c","msg":"request","method":"GET","path":"/favicon.ico"}
{"level":"info","time":"2026-03-05T04:56:34.740Z","pid":1,"hostname":"1021e00e51ee","msg":"Redis 连接成功"}
{"level":"info","time":"2026-03-05T04:56:34.749Z","pid":1,"hostname":"1021e00e51ee","msg":"服务启动","host":"localhost","port":3000,"env":"production","msg":"Elysia 已启动 http://localhost:3000"}
{"level":"info","time":"2026-03-05T04:56:36.929Z","pid":1,"hostname":"1021e00e51ee","msg":"request","method":"GET","path":"/"}
{"level":"info","time":"2026-03-05T05:12:33.551Z","pid":1,"hostname":"1021e00e51ee","msg":"request","method":"GET","path":"/"}
{"level":"info","time":"2026-03-05T05:12:45.091Z","pid":1,"hostname":"1021e00e51ee","msg":"request","method":"GET","path":"/"}
{"level":"info","time":"2026-03-05T05:12:53.806Z","pid":1,"hostname":"1021e00e51ee","msg":"request","method":"GET","path":"/"}
{"level":"info","time":"2026-03-05T05:32:48.334Z","pid":1,"hostname":"1021e00e51ee","msg":"request","method":"GET","path":"/nodejs_api/user/captcha","query":"?q=48479083389355415"}
{"level":"info","time":"2026-03-05T05:32:48.355Z","pid":1,"hostname":"1021e00e51ee","msg":"图形验证码","captchaText":"lyqo","captchaId":"1e0b260a-6386-4987-b307-ad8fb6f13b3b"}
{"level":"info","time":"2026-03-05T05:58:00.310Z","pid":1,"hostname":"1021e00e51ee","msg":"request","method":"GET","path":"/nodejs_api/user/captcha","query":"?q=5246663737769396"}
{"level":"info","time":"2026-03-05T05:58:00.340Z","pid":1,"hostname":"1021e00e51ee","msg":"图形验证码","captchaText":"pfxj","captchaId":"d430b451-61a2-4d44-bbac-0e39e89bdea9"}
{"level":"info","time":"2026-03-05T05:58:18.688Z","pid":1,"hostname":"1021e00e51ee","msg":"request","method":"POST","path":"/nodejs_api/user/login"}
{"level":"info","time":"2026-03-05T05:58:18.896Z","pid":1,"hostname":"1021e00e51ee","msg":"request","method":"GET","path":"/nodejs_api/user/captcha","query":"?q=45510699084919304"}
{"level":"info","time":"2026-03-05T05:58:18.912Z","pid":1,"hostname":"1021e00e51ee","msg":"图形验证码","captchaText":"ef4z","captchaId":"de617968-0e04-4f68-a86e-d4952cab0f0e"}
{"level":"info","time":"2026-03-05T05:58:24.421Z","pid":1,"hostname":"1021e00e51ee","msg":"request","method":"POST","path":"/nodejs_api/user/login"}
{"level":"info","time":"2026-03-05T05:58:24.447Z","pid":1,"hostname":"1021e00e51ee","msg":"request","method":"GET","path":"/nodejs_api/user/captcha","query":"?q=21582861665210817"}
{"level":"info","time":"2026-03-05T05:58:24.449Z","pid":1,"hostname":"1021e00e51ee","msg":"图形验证码","captchaText":"pj7q","captchaId":"6da5f346-4788-4e9b-b658-ef2835ec914c"}
{"level":"info","time":"2026-03-05T05:59:00.871Z","pid":1,"hostname":"1021e00e51ee","msg":"request","method":"GET","path":"/nodejs_api/user/captcha","query":"?q=5639967577872215"}
{"level":"info","time":"2026-03-05T05:59:00.891Z","pid":1,"hostname":"1021e00e51ee","msg":"图形验证码","captchaText":"uhcg","captchaId":"7751535d-067f-4082-9253-dce975b2b07a"}
{"level":"info","time":"2026-03-05T05:59:08.307Z","pid":1,"hostname":"1021e00e51ee","msg":"request","method":"POST","path":"/nodejs_api/user/login"}
{"level":"info","time":"2026-03-05T05:59:08.371Z","pid":1,"hostname":"1021e00e51ee","msg":"request","method":"GET","path":"/nodejs_api/user/current"}
{"level":"info","time":"2026-03-05T05:59:08.511Z","pid":1,"hostname":"1021e00e51ee","msg":"request","method":"GET","path":"/nodejs_api/statistics/hot-sales","query":"?startDate=2025-12-05&endDate=2026-03-04"}
{"level":"info","time":"2026-03-05T05:59:10.262Z","pid":1,"hostname":"1021e00e51ee","msg":"request","method":"GET","path":"/nodejs_api/vendor","query":"?page=1&limit=20"}
{"level":"info","time":"2026-03-05T05:59:10.401Z","pid":1,"hostname":"1021e00e51ee","msg":"request","method":"GET","path":"/nodejs_api/vendor","query":"?page=1&limit=20"}
{"level":"info","time":"2026-03-05T05:59:11.757Z","pid":1,"hostname":"1021e00e51ee","msg":"request","method":"GET","path":"/nodejs_api/stockin","query":"?page=1&limit=20"}
{"level":"info","time":"2026-03-05T05:59:12.746Z","pid":1,"hostname":"1021e00e51ee","msg":"request","method":"GET","path":"/nodejs_api/vendor","query":"?page=1&limit=20"}
{"level":"info","time":"2026-03-05T05:59:14.274Z","pid":1,"hostname":"1021e00e51ee","msg":"request","method":"GET","path":"/nodejs_api/product","query":"?page=1&limit=20"}
{"level":"info","time":"2026-03-05T05:59:14.301Z","pid":1,"hostname":"1021e00e51ee","msg":"request","method":"GET","path":"/nodejs_api/product","query":"?page=1&limit=20"}
{"level":"info","time":"2026-03-05T05:59:16.458Z","pid":1,"hostname":"1021e00e51ee","msg":"request","method":"GET","path":"/nodejs_api/vendor","query":"?pagination=false"}
{"level":"info","time":"2026-03-05T06:00:17.745Z","pid":1,"hostname":"1021e00e51ee","msg":"request","method":"GET","path":"/nodejs_api/vendor","query":"?pagination=false"}
{"level":"info","time":"2026-03-05T06:00:29.439Z","pid":1,"hostname":"1021e00e51ee","msg":"request","method":"GET","path":"/nodejs_api/vendor","query":"?pagination=false"}
{"level":"info","time":"2026-03-05T06:01:00.857Z","pid":1,"hostname":"1021e00e51ee","msg":"request","method":"GET","path":"/nodejs_api/vendor","query":"?pagination=false"}
{"level":"info","time":"2026-03-05T06:04:17.619Z","pid":1,"hostname":"1021e00e51ee","msg":"request","method":"GET","path":"/nodejs_api/vendor","query":"?pagination=false"}
{"level":"info","time":"2026-03-05T06:07:02.071Z","pid":1,"hostname":"1021e00e51ee","msg":"request","method":"GET","path":"/nodejs_api/vendor","query":"?pagination=false"}
{"level":"info","time":"2026-03-05T06:07:03.308Z","pid":1,"hostname":"1021e00e51ee","msg":"request","method":"GET","path":"/nodejs_api/user/current"}
{"level":"info","time":"2026-03-05T06:07:03.533Z","pid":1,"hostname":"1021e00e51ee","msg":"request","method":"GET","path":"/nodejs_api/vendor","query":"?pagination=false"}
{"level":"info","time":"2026-03-05T06:07:11.839Z","pid":1,"hostname":"1021e00e51ee","msg":"request","method":"GET","path":"/nodejs_api/vendor","query":"?pagination=false"}
{"level":"info","time":"2026-03-05T06:07:24.729Z","pid":1,"hostname":"1021e00e51ee","msg":"request","method":"GET","path":"/nodejs_api/vendor","query":"?pagination=false"}
{"level":"info","time":"2026-03-05T06:07:31.205Z","pid":1,"hostname":"1021e00e51ee","msg":"request","method":"GET","path":"/nodejs_api/vendor","query":"?pagination=false"}
{"level":"info","time":"2026-03-06T06:40:43.584Z","pid":1,"hostname":"8906f2b03768","msg":"Redis 连接成功"}
{"level":"info","time":"2026-03-06T06:40:43.596Z","pid":1,"hostname":"8906f2b03768","msg":"服务启动","host":"localhost","port":3000,"env":"production","msg":"Elysia 已启动 http://localhost:3000"}
{"level":"info","time":"2026-03-06T06:41:47.511Z","pid":1,"hostname":"8906f2b03768","msg":"request","method":"GET","path":"/nodejs_api/user/captcha","query":"?q=5635004714493776"}
{"level":"info","time":"2026-03-06T06:41:47.534Z","pid":1,"hostname":"8906f2b03768","msg":"图形验证码","captchaText":"9sjt","captchaId":"24b46706-f545-42fd-a2af-2c3a458c2007"}
{"level":"info","time":"2026-03-06T06:42:20.029Z","pid":1,"hostname":"8906f2b03768","msg":"request","method":"POST","path":"/nodejs_api/user/login"}
{"level":"info","time":"2026-03-06T06:42:20.195Z","pid":1,"hostname":"8906f2b03768","msg":"request","method":"GET","path":"/nodejs_api/user/current"}
{"level":"info","time":"2026-03-06T06:42:20.299Z","pid":1,"hostname":"8906f2b03768","msg":"request","method":"GET","path":"/nodejs_api/statistics/hot-sales","query":"?startDate=2025-12-06&endDate=2026-03-05"}
{"level":"info","time":"2026-03-06T06:42:22.489Z","pid":1,"hostname":"8906f2b03768","msg":"request","method":"GET","path":"/nodejs_api/vendor","query":"?page=1&limit=20"}
{"level":"info","time":"2026-03-06T06:42:22.525Z","pid":1,"hostname":"8906f2b03768","msg":"request","method":"GET","path":"/nodejs_api/vendor","query":"?page=1&limit=20"}
{"level":"info","time":"2026-03-06T06:42:23.206Z","pid":1,"hostname":"8906f2b03768","msg":"request","method":"GET","path":"/nodejs_api/product","query":"?page=1&limit=20"}
{"level":"info","time":"2026-03-06T06:42:23.241Z","pid":1,"hostname":"8906f2b03768","msg":"request","method":"GET","path":"/nodejs_api/product","query":"?page=1&limit=20"}
{"level":"info","time":"2026-03-06T06:42:25.717Z","pid":1,"hostname":"8906f2b03768","msg":"request","method":"GET","path":"/nodejs_api/vendor","query":"?page=1&limit=20"}
{"level":"info","time":"2026-03-06T06:42:27.057Z","pid":1,"hostname":"8906f2b03768","msg":"request","method":"GET","path":"/nodejs_api/vendor/1"}
{"level":"info","time":"2026-03-06T06:42:28.952Z","pid":1,"hostname":"8906f2b03768","msg":"request","method":"GET","path":"/nodejs_api/product","query":"?page=1&limit=20"}
{"level":"info","time":"2026-03-06T06:42:30.403Z","pid":1,"hostname":"8906f2b03768","msg":"request","method":"GET","path":"/nodejs_api/vendor","query":"?pagination=false"}
{"level":"info","time":"2026-03-06T06:42:36.031Z","pid":1,"hostname":"8906f2b03768","msg":"request","method":"GET","path":"/nodejs_api/product/checkProductNameExistedInVendor/1","query":"?productName=pa"}
{"level":"info","time":"2026-03-06T06:42:36.827Z","pid":1,"hostname":"8906f2b03768","msg":"request","method":"GET","path":"/nodejs_api/product/checkProductNameExistedInVendor/1","query":"?productName=pant"}
{"level":"info","time":"2026-03-06T06:42:37.275Z","pid":1,"hostname":"8906f2b03768","msg":"request","method":"GET","path":"/nodejs_api/product/checkProductNameExistedInVendor/1","query":"?productName=pant"}
{"level":"info","time":"2026-03-06T06:42:41.622Z","pid":1,"hostname":"8906f2b03768","msg":"request","method":"GET","path":"/nodejs_api/vendor","query":"?pagination=false"}
{"level":"info","time":"2026-03-06T06:42:41.713Z","pid":1,"hostname":"8906f2b03768","msg":"request","method":"GET","path":"/nodejs_api/user/checkFileExisted/75821cf29fd6ea038918498c58802c5c"}
{"level":"info","time":"2026-03-06T06:42:41.740Z","pid":1,"hostname":"8906f2b03768","msg":"request","method":"POST","path":"/nodejs_api/user/upload"}
{"level":"info","time":"2026-03-06T06:42:42.430Z","pid":1,"hostname":"8906f2b03768","msg":"request","method":"GET","path":"/nodejs_api/product/checkProductNameExistedInVendor/1","query":"?productName=pant"}
{"level":"info","time":"2026-03-06T06:42:42.455Z","pid":1,"hostname":"8906f2b03768","msg":"request","method":"POST","path":"/nodejs_api/product"}
{"level":"info","time":"2026-03-06T06:42:44.321Z","pid":1,"hostname":"8906f2b03768","msg":"request","method":"GET","path":"/nodejs_api/vendor","query":"?page=1&limit=20"}
{"level":"info","time":"2026-03-06T06:42:44.743Z","pid":1,"hostname":"8906f2b03768","msg":"request","method":"GET","path":"/nodejs_api/product","query":"?page=1&limit=20"}
{"level":"info","time":"2026-03-06T06:42:46.471Z","pid":1,"hostname":"8906f2b03768","msg":"request","method":"GET","path":"/nodejs_api/product/1"}
{"level":"info","time":"2026-03-06T06:42:46.473Z","pid":1,"hostname":"8906f2b03768","msg":"request","method":"GET","path":"/nodejs_api/vendor","query":"?pagination=false"}
{"level":"info","time":"2026-03-06T06:42:48.930Z","pid":1,"hostname":"8906f2b03768","msg":"request","method":"GET","path":"/nodejs_api/vendor","query":"?page=1&limit=20"}
{"level":"info","time":"2026-03-06T06:42:50.483Z","pid":1,"hostname":"8906f2b03768","msg":"request","method":"GET","path":"/nodejs_api/vendor/1"}
{"level":"info","time":"2026-03-06T06:42:51.988Z","pid":1,"hostname":"8906f2b03768","msg":"request","method":"GET","path":"/nodejs_api/product","query":"?page=1&limit=20"}
{"level":"info","time":"2026-03-06T06:42:53.108Z","pid":1,"hostname":"8906f2b03768","msg":"request","method":"GET","path":"/nodejs_api/product/1"}
{"level":"info","time":"2026-03-06T06:42:53.109Z","pid":1,"hostname":"8906f2b03768","msg":"request","method":"GET","path":"/nodejs_api/vendor","query":"?pagination=false"}
{"level":"info","time":"2026-03-06T06:43:00.270Z","pid":1,"hostname":"8906f2b03768","msg":"request","method":"GET","path":"/nodejs_api/product/checkProductNameExistedInVendor/1","query":"?productName=pa"}
{"level":"info","time":"2026-03-06T06:43:01.387Z","pid":1,"hostname":"8906f2b03768","msg":"request","method":"GET","path":"/nodejs_api/product/checkProductNameExistedInVendor/1","query":"?productName=pant"}
{"level":"info","time":"2026-03-06T06:43:04.100Z","pid":1,"hostname":"8906f2b03768","msg":"request","method":"GET","path":"/nodejs_api/vendor","query":"?pagination=false"}
{"level":"info","time":"2026-03-06T06:43:04.161Z","pid":1,"hostname":"8906f2b03768","msg":"request","method":"GET","path":"/nodejs_api/user/checkFileExisted/49e8d57a2c8d5740f2f5f7d2bd9a87e0"}
{"level":"info","time":"2026-03-06T06:43:04.181Z","pid":1,"hostname":"8906f2b03768","msg":"request","method":"POST","path":"/nodejs_api/user/upload"}
{"level":"info","time":"2026-03-06T06:43:06.252Z","pid":1,"hostname":"8906f2b03768","msg":"request","method":"GET","path":"/nodejs_api/product/checkProductNameExistedInVendor/1","query":"?productName=pant2"}
{"level":"info","time":"2026-03-06T06:43:07.010Z","pid":1,"hostname":"8906f2b03768","msg":"request","method":"GET","path":"/nodejs_api/product/checkProductNameExistedInVendor/1","query":"?productName=pant2"}
{"level":"info","time":"2026-03-06T06:43:07.106Z","pid":1,"hostname":"8906f2b03768","msg":"request","method":"GET","path":"/nodejs_api/product/checkProductNameExistedInVendor/1","query":"?productName=pant2"}
{"level":"info","time":"2026-03-06T06:43:07.121Z","pid":1,"hostname":"8906f2b03768","msg":"request","method":"PATCH","path":"/nodejs_api/product/1"}
{"level":"info","time":"2026-03-06T06:43:09.064Z","pid":1,"hostname":"8906f2b03768","msg":"request","method":"GET","path":"/nodejs_api/vendor","query":"?page=1&limit=20"}
{"level":"info","time":"2026-03-06T06:43:09.694Z","pid":1,"hostname":"8906f2b03768","msg":"request","method":"GET","path":"/nodejs_api/product","query":"?page=1&limit=20"}
{"level":"info","time":"2026-03-06T06:43:11.548Z","pid":1,"hostname":"8906f2b03768","msg":"request","method":"GET","path":"/nodejs_api/product/1"}
{"level":"info","time":"2026-03-06T06:43:11.549Z","pid":1,"hostname":"8906f2b03768","msg":"request","method":"GET","path":"/nodejs_api/vendor","query":"?pagination=false"}
{"level":"info","time":"2026-03-06T06:44:34.678Z","pid":1,"hostname":"8906f2b03768","msg":"request","method":"GET","path":"/nodejs_api/vendor","query":"?pagination=false"}
{"level":"info","time":"2026-03-06T06:44:35.523Z","pid":1,"hostname":"8906f2b03768","msg":"request","method":"GET","path":"/nodejs_api/product/1"}
{"level":"info","time":"2026-03-06T06:44:35.603Z","pid":1,"hostname":"8906f2b03768","msg":"request","method":"GET","path":"/nodejs_api/vendor","query":"?pagination=false"}
{"level":"info","time":"2026-03-06T06:44:50.270Z","pid":1,"hostname":"8906f2b03768","msg":"request","method":"GET","path":"/nodejs_api/statistics/hot-sales","query":"?startDate=2025-12-06&endDate=2026-03-05"}
{"level":"info","time":"2026-03-06T06:44:52.709Z","pid":1,"hostname":"8906f2b03768","msg":"request","method":"GET","path":"/public/uploads/9296a7b8-cc4e-4f49-998f-98d4701f346d.jpg"}
{"level":"info","time":"2026-03-06T06:48:27.543Z","pid":1,"hostname":"8906f2b03768","msg":"request","method":"GET","path":"/nodejs_api/vendor","query":"?pagination=false"}
{"level":"info","time":"2026-03-06T06:48:29.216Z","pid":1,"hostname":"8906f2b03768","msg":"request","method":"GET","path":"/nodejs_api/user/current"}
{"level":"info","time":"2026-03-06T06:48:29.372Z","pid":1,"hostname":"8906f2b03768","msg":"request","method":"GET","path":"/nodejs_api/product/1"}
{"level":"info","time":"2026-03-06T06:48:29.446Z","pid":1,"hostname":"8906f2b03768","msg":"request","method":"GET","path":"/nodejs_api/vendor","query":"?pagination=false"}
{"level":"info","time":"2026-03-06T06:49:38.913Z","pid":1,"hostname":"8906f2b03768","msg":"request","method":"GET","path":"/public/uploads/1.png"}
{"level":"info","time":"2026-03-06T06:51:28.489Z","pid":1,"hostname":"8906f2b03768","msg":"request","method":"GET","path":"/public/uploads/9296a7b8-cc4e-4f49-998f-98d4701f346d.jpg"}
{"level":"info","time":"2026-03-06T06:52:38.252Z","pid":1,"hostname":"69e8e6cf98de","msg":"Redis 连接成功"}
{"level":"info","time":"2026-03-06T06:52:38.263Z","pid":1,"hostname":"69e8e6cf98de","msg":"服务启动","host":"localhost","port":3000,"env":"production","msg":"Elysia 已启动 http://localhost:3000"}
{"level":"info","time":"2026-03-06T06:53:10.916Z","pid":1,"hostname":"69e8e6cf98de","msg":"request","method":"GET","path":"/nodejs_api/vendor","query":"?pagination=false"}
{"level":"info","time":"2026-03-06T06:53:13.441Z","pid":1,"hostname":"69e8e6cf98de","msg":"request","method":"GET","path":"/nodejs_api/product/1"}
{"level":"info","time":"2026-03-06T06:53:13.532Z","pid":1,"hostname":"69e8e6cf98de","msg":"request","method":"GET","path":"/nodejs_api/vendor","query":"?pagination=false"}
{"level":"info","time":"2026-03-06T06:53:18.139Z","pid":1,"hostname":"69e8e6cf98de","msg":"request","method":"GET","path":"/public/uploads/9296a7b8-cc4e-4f49-998f-98d4701f346d.jpg"}
{"level":"info","time":"2026-03-06T06:54:01.416Z","pid":1,"hostname":"69e8e6cf98de","msg":"request","method":"GET","path":"/nodejs_api/vendor","query":"?pagination=false"}
{"level":"info","time":"2026-03-06T06:54:08.581Z","pid":1,"hostname":"69e8e6cf98de","msg":"request","method":"GET","path":"/nodejs_api/vendor","query":"?pagination=false"}
{"level":"info","time":"2026-03-06T06:54:08.734Z","pid":1,"hostname":"69e8e6cf98de","msg":"request","method":"GET","path":"/nodejs_api/user/checkFileExisted/cb1ea317e9ba4cb173d4a570ddf6b373"}
{"level":"info","time":"2026-03-06T06:54:08.753Z","pid":1,"hostname":"69e8e6cf98de","msg":"request","method":"POST","path":"/nodejs_api/user/upload"}
{"level":"info","time":"2026-03-06T06:54:24.046Z","pid":1,"hostname":"69e8e6cf98de","msg":"request","method":"GET","path":"/nodejs_api/vendor","query":"?pagination=false"}
{"level":"info","time":"2026-03-06T06:54:25.938Z","pid":1,"hostname":"69e8e6cf98de","msg":"request","method":"PATCH","path":"/nodejs_api/product/1"}
{"level":"info","time":"2026-03-06T06:54:28.883Z","pid":1,"hostname":"69e8e6cf98de","msg":"request","method":"GET","path":"/nodejs_api/user/current"}
{"level":"info","time":"2026-03-06T06:54:28.980Z","pid":1,"hostname":"69e8e6cf98de","msg":"request","method":"GET","path":"/nodejs_api/product/1"}
{"level":"info","time":"2026-03-06T06:54:29.066Z","pid":1,"hostname":"69e8e6cf98de","msg":"request","method":"GET","path":"/nodejs_api/vendor","query":"?pagination=false"}
{"level":"info","time":"2026-03-06T06:55:02.605Z","pid":1,"hostname":"69e8e6cf98de","msg":"request","method":"GET","path":"/public/uploads/43208556-3d14-4520-847c-6716cf269b6c.gif"}
{"level":"info","time":"2026-03-06T06:56:46.808Z","pid":1,"hostname":"1d2088f1b24c","msg":"Redis 连接成功"}
{"level":"info","time":"2026-03-06T06:56:46.817Z","pid":1,"hostname":"1d2088f1b24c","msg":"服务启动","host":"localhost","port":3000,"env":"production","msg":"Elysia 已启动 http://localhost:3000"}
{"level":"error","time":"2026-03-06T06:57:33.278Z","pid":1,"hostname":"1d2088f1b24c","err":"Socket closed unexpectedly","msg":"Redis error"}
{"level":"error","time":"2026-03-06T06:57:33.289Z","pid":1,"hostname":"1d2088f1b24c","err":"connect ECONNREFUSED 172.20.0.3:6379","msg":"Redis error"}
{"level":"info","time":"2026-03-06T06:57:44.216Z","pid":1,"hostname":"f8ddaa908131","msg":"Redis 连接成功"}
{"level":"info","time":"2026-03-06T06:57:44.226Z","pid":1,"hostname":"f8ddaa908131","msg":"服务启动","host":"localhost","port":3000,"env":"production","msg":"Elysia 已启动 http://localhost:3000"}
{"level":"info","time":"2026-03-06T07:03:26.428Z","pid":1,"hostname":"f8ddaa908131","msg":"request","method":"GET","path":"/nodejs_api/user/current"}
{"level":"info","time":"2026-03-06T07:03:26.505Z","pid":1,"hostname":"f8ddaa908131","msg":"request","method":"GET","path":"/nodejs_api/statistics/hot-sales","query":"?startDate=2025-12-06&endDate=2026-03-05"}
{"level":"info","time":"2026-03-06T07:03:28.994Z","pid":1,"hostname":"f8ddaa908131","msg":"request","method":"POST","path":"/nodejs_api/user/logout"}
{"level":"info","time":"2026-03-06T07:03:29.583Z","pid":1,"hostname":"f8ddaa908131","msg":"request","method":"GET","path":"/nodejs_api/user/captcha","query":"?q=40220239639948707"}
{"level":"info","time":"2026-03-06T07:03:29.597Z","pid":1,"hostname":"f8ddaa908131","msg":"图形验证码","captchaText":"uhgc","captchaId":"0df1deca-853f-40e7-945f-eb2a77351ae3"}
{"level":"info","time":"2026-03-06T07:03:40.255Z","pid":1,"hostname":"f8ddaa908131","msg":"request","method":"POST","path":"/nodejs_api/user/login"}
{"level":"info","time":"2026-03-06T07:03:40.402Z","pid":1,"hostname":"f8ddaa908131","msg":"request","method":"GET","path":"/nodejs_api/user/current"}
{"level":"info","time":"2026-03-06T07:03:40.451Z","pid":1,"hostname":"f8ddaa908131","msg":"request","method":"GET","path":"/nodejs_api/statistics/hot-sales","query":"?startDate=2025-12-06&endDate=2026-03-05"}
{"level":"info","time":"2026-03-06T07:03:42.216Z","pid":1,"hostname":"f8ddaa908131","msg":"request","method":"GET","path":"/nodejs_api/product","query":"?page=1&limit=20"}
{"level":"info","time":"2026-03-06T07:03:42.269Z","pid":1,"hostname":"f8ddaa908131","msg":"request","method":"GET","path":"/nodejs_api/product","query":"?page=1&limit=20"}
{"level":"info","time":"2026-03-06T07:03:44.112Z","pid":1,"hostname":"f8ddaa908131","msg":"request","method":"GET","path":"/nodejs_api/product/1"}
{"level":"info","time":"2026-03-06T07:03:44.181Z","pid":1,"hostname":"f8ddaa908131","msg":"request","method":"GET","path":"/nodejs_api/vendor","query":"?pagination=false"}
{"level":"info","time":"2026-03-06T07:04:02.276Z","pid":1,"hostname":"f8ddaa908131","msg":"request","method":"GET","path":"/nodejs_api/vendor","query":"?pagination=false"}
{"level":"info","time":"2026-03-06T07:04:02.343Z","pid":1,"hostname":"f8ddaa908131","msg":"request","method":"GET","path":"/nodejs_api/user/checkFileExisted/e4f5ce738489971bad3ee6e53af48999"}
{"level":"info","time":"2026-03-06T07:04:02.362Z","pid":1,"hostname":"f8ddaa908131","msg":"request","method":"POST","path":"/nodejs_api/user/upload"}
{"level":"info","time":"2026-03-06T07:04:15.840Z","pid":1,"hostname":"f8ddaa908131","msg":"request","method":"GET","path":"/nodejs_api/vendor","query":"?pagination=false"}
{"level":"info","time":"2026-03-06T07:04:17.322Z","pid":1,"hostname":"f8ddaa908131","msg":"request","method":"PATCH","path":"/nodejs_api/product/1"}
{"level":"info","time":"2026-03-06T07:04:21.913Z","pid":1,"hostname":"f8ddaa908131","msg":"request","method":"GET","path":"/nodejs_api/vendor","query":"?pagination=false"}
{"level":"info","time":"2026-03-06T07:04:26.496Z","pid":1,"hostname":"f8ddaa908131","msg":"request","method":"GET","path":"/nodejs_api/product/1"}
{"level":"info","time":"2026-03-06T07:04:26.586Z","pid":1,"hostname":"f8ddaa908131","msg":"request","method":"GET","path":"/nodejs_api/vendor","query":"?pagination=false"}
{"level":"info","time":"2026-03-06T07:04:46.534Z","pid":1,"hostname":"f8ddaa908131","msg":"request","method":"GET","path":"/nodejs_api/statistics/hot-sales","query":"?startDate=2025-12-06&endDate=2026-03-05"}
{"level":"info","time":"2026-03-06T07:04:52.267Z","pid":1,"hostname":"f8ddaa908131","msg":"request","method":"GET","path":"/public/uploads/70f48c2f-a05d-4f3f-834c-571b47dc867d.jpg"}
{"level":"info","time":"2026-03-06T07:05:45.218Z","pid":1,"hostname":"d5dea8f5ee6f","msg":"Redis 连接成功"}
{"level":"info","time":"2026-03-06T07:05:45.227Z","pid":1,"hostname":"d5dea8f5ee6f","msg":"服务启动","host":"localhost","port":3000,"env":"production","msg":"Elysia 已启动 http://localhost:3000"}
{"level":"info","time":"2026-03-06T07:05:51.162Z","pid":1,"hostname":"d5dea8f5ee6f","msg":"request","method":"GET","path":"/public/uploads/70f48c2f-a05d-4f3f-834c-571b47dc867d.jpg"}
{"level":"info","time":"2026-03-06T07:07:29.835Z","pid":1,"hostname":"545f8d373ec2","msg":"Redis 连接成功"}
{"level":"info","time":"2026-03-06T07:07:29.844Z","pid":1,"hostname":"545f8d373ec2","msg":"服务启动","host":"localhost","port":3000,"env":"production","msg":"Elysia 已启动 http://localhost:3000"}
{"level":"info","time":"2026-03-06T07:11:36.379Z","pid":1,"hostname":"e6f93b028d6e","msg":"Redis 连接成功"}
{"level":"info","time":"2026-03-06T07:11:36.389Z","pid":1,"hostname":"e6f93b028d6e","msg":"服务启动","host":"localhost","port":3000,"env":"production","msg":"Elysia 已启动 http://localhost:3000"}
{"level":"info","time":"2026-03-06T07:11:47.856Z","pid":1,"hostname":"e6f93b028d6e","msg":"request","method":"GET","path":"/nodejs_api/vendor","query":"?pagination=false"}
{"level":"info","time":"2026-03-06T07:11:49.377Z","pid":1,"hostname":"e6f93b028d6e","msg":"request","method":"GET","path":"/nodejs_api/user/current"}
{"level":"info","time":"2026-03-06T07:11:49.510Z","pid":1,"hostname":"e6f93b028d6e","msg":"request","method":"GET","path":"/nodejs_api/product/1"}
{"level":"info","time":"2026-03-06T07:11:49.595Z","pid":1,"hostname":"e6f93b028d6e","msg":"request","method":"GET","path":"/nodejs_api/vendor","query":"?pagination=false"}
{"level":"info","time":"2026-03-06T07:11:55.036Z","pid":1,"hostname":"e6f93b028d6e","msg":"request","method":"GET","path":"/nodejs_api/vendor","query":"?pagination=false"}
{"level":"info","time":"2026-03-06T07:11:55.147Z","pid":1,"hostname":"e6f93b028d6e","msg":"request","method":"GET","path":"/nodejs_api/user/checkFileExisted/785923f3c45e1880fb685656bcd1e49b"}
{"level":"info","time":"2026-03-06T07:11:55.164Z","pid":1,"hostname":"e6f93b028d6e","msg":"request","method":"POST","path":"/nodejs_api/user/upload"}
{"level":"info","time":"2026-03-06T07:11:58.192Z","pid":1,"hostname":"e6f93b028d6e","msg":"request","method":"PATCH","path":"/nodejs_api/product/1"}
{"level":"info","time":"2026-03-06T07:12:01.152Z","pid":1,"hostname":"e6f93b028d6e","msg":"request","method":"GET","path":"/nodejs_api/product/1"}
{"level":"info","time":"2026-03-06T07:12:01.235Z","pid":1,"hostname":"e6f93b028d6e","msg":"request","method":"GET","path":"/nodejs_api/vendor","query":"?pagination=false"}
{"level":"info","time":"2026-03-06T07:12:54.081Z","pid":1,"hostname":"45e1044a07f4","msg":"Redis 连接成功"}
{"level":"info","time":"2026-03-06T07:12:54.095Z","pid":1,"hostname":"45e1044a07f4","msg":"服务启动","host":"localhost","port":3000,"env":"production","msg":"Elysia 已启动 http://localhost:3000"}
{"level":"info","time":"2026-03-06T07:13:01.925Z","pid":1,"hostname":"45e1044a07f4","msg":"request","method":"GET","path":"/nodejs_api/vendor","query":"?pagination=false"}
{"level":"info","time":"2026-03-06T07:13:02.789Z","pid":1,"hostname":"45e1044a07f4","msg":"request","method":"GET","path":"/nodejs_api/product/1"}
{"level":"info","time":"2026-03-06T07:13:02.886Z","pid":1,"hostname":"45e1044a07f4","msg":"request","method":"GET","path":"/nodejs_api/vendor","query":"?pagination=false"}
{"level":"info","time":"2026-03-06T07:14:11.089Z","pid":1,"hostname":"68935d79d756","msg":"Redis 连接成功"}
{"level":"info","time":"2026-03-06T07:14:11.099Z","pid":1,"hostname":"68935d79d756","msg":"服务启动","host":"localhost","port":3000,"env":"production","msg":"Elysia 已启动 http://localhost:3000"}
{"level":"info","time":"2026-03-06T07:16:34.166Z","pid":1,"hostname":"6a3463dc96c0","msg":"Redis 连接成功"}
{"level":"info","time":"2026-03-06T07:16:34.177Z","pid":1,"hostname":"6a3463dc96c0","msg":"服务启动","host":"localhost","port":3000,"env":"production34","msg":"Elysia 已启动 http://localhost:3000"}
{"level":"error","time":"2026-03-06T07:51:50.255Z","pid":1,"hostname":"2fa388e4c889","err":"","msg":"Redis error"}
{"level":"error","time":"2026-03-06T07:51:50.353Z","pid":1,"hostname":"2fa388e4c889","err":"","msg":"Redis error"}
{"level":"error","time":"2026-03-06T07:51:50.616Z","pid":1,"hostname":"2fa388e4c889","err":"","msg":"Redis error"}
{"level":"error","time":"2026-03-06T07:51:50.873Z","pid":1,"hostname":"2fa388e4c889","err":"","msg":"Redis error"}
{"level":"error","time":"2026-03-06T07:51:51.442Z","pid":1,"hostname":"2fa388e4c889","err":"","msg":"Redis error"}
{"level":"error","time":"2026-03-06T07:51:52.288Z","pid":1,"hostname":"2fa388e4c889","err":"","msg":"Redis error"}
{"level":"error","time":"2026-03-06T07:51:54.094Z","pid":1,"hostname":"2fa388e4c889","err":"","msg":"Redis error"}
{"level":"error","time":"2026-03-06T07:51:56.339Z","pid":1,"hostname":"2fa388e4c889","err":"","msg":"Redis error"}
{"level":"error","time":"2026-03-06T07:51:58.524Z","pid":1,"hostname":"2fa388e4c889","err":"","msg":"Redis error"}
{"level":"error","time":"2026-03-06T07:52:00.760Z","pid":1,"hostname":"2fa388e4c889","err":"","msg":"Redis error"}
{"level":"error","time":"2026-03-06T07:52:02.783Z","pid":1,"hostname":"2fa388e4c889","err":"","msg":"Redis error"}
{"level":"error","time":"2026-03-06T07:52:04.993Z","pid":1,"hostname":"2fa388e4c889","err":"","msg":"Redis error"}
{"level":"error","time":"2026-03-06T07:52:07.070Z","pid":1,"hostname":"2fa388e4c889","err":"","msg":"Redis error"}
{"level":"error","time":"2026-03-06T07:52:09.181Z","pid":1,"hostname":"2fa388e4c889","err":"","msg":"Redis error"}
{"level":"error","time":"2026-03-06T07:52:11.334Z","pid":1,"hostname":"2fa388e4c889","err":"","msg":"Redis error"}
{"level":"error","time":"2026-03-06T07:52:13.425Z","pid":1,"hostname":"2fa388e4c889","err":"","msg":"Redis error"}
{"level":"error","time":"2026-03-06T07:52:15.565Z","pid":1,"hostname":"2fa388e4c889","err":"","msg":"Redis error"}
{"level":"error","time":"2026-03-06T07:52:17.717Z","pid":1,"hostname":"2fa388e4c889","err":"","msg":"Redis error"}
{"level":"error","time":"2026-03-06T07:52:19.797Z","pid":1,"hostname":"2fa388e4c889","err":"","msg":"Redis error"}
{"level":"error","time":"2026-03-06T07:52:21.942Z","pid":1,"hostname":"2fa388e4c889","err":"","msg":"Redis error"}
{"level":"error","time":"2026-03-06T07:52:23.991Z","pid":1,"hostname":"2fa388e4c889","err":"","msg":"Redis error"}
{"level":"error","time":"2026-03-06T07:52:26.036Z","pid":1,"hostname":"2fa388e4c889","err":"","msg":"Redis error"}
{"level":"error","time":"2026-03-06T07:52:28.185Z","pid":1,"hostname":"2fa388e4c889","err":"","msg":"Redis error"}
{"level":"error","time":"2026-03-06T07:52:30.241Z","pid":1,"hostname":"2fa388e4c889","err":"","msg":"Redis error"}
{"level":"error","time":"2026-03-06T07:52:32.441Z","pid":1,"hostname":"2fa388e4c889","err":"","msg":"Redis error"}
{"level":"error","time":"2026-03-06T07:52:34.633Z","pid":1,"hostname":"2fa388e4c889","err":"","msg":"Redis error"}
{"level":"error","time":"2026-03-06T07:52:36.773Z","pid":1,"hostname":"2fa388e4c889","err":"","msg":"Redis error"}
{"level":"error","time":"2026-03-06T07:52:38.940Z","pid":1,"hostname":"2fa388e4c889","err":"","msg":"Redis error"}
{"level":"error","time":"2026-03-06T07:52:41.053Z","pid":1,"hostname":"2fa388e4c889","err":"","msg":"Redis error"}
{"level":"error","time":"2026-03-06T07:52:43.233Z","pid":1,"hostname":"2fa388e4c889","err":"","msg":"Redis error"}
{"level":"error","time":"2026-03-06T07:52:45.258Z","pid":1,"hostname":"2fa388e4c889","err":"","msg":"Redis error"}
{"level":"error","time":"2026-03-06T07:52:47.351Z","pid":1,"hostname":"2fa388e4c889","err":"","msg":"Redis error"}
{"level":"error","time":"2026-03-06T07:52:49.498Z","pid":1,"hostname":"2fa388e4c889","err":"","msg":"Redis error"}
{"level":"error","time":"2026-03-06T07:52:51.624Z","pid":1,"hostname":"2fa388e4c889","err":"","msg":"Redis error"}
{"level":"error","time":"2026-03-06T07:52:53.668Z","pid":1,"hostname":"2fa388e4c889","err":"","msg":"Redis error"}
{"level":"error","time":"2026-03-06T07:52:55.825Z","pid":1,"hostname":"2fa388e4c889","err":"","msg":"Redis error"}
{"level":"error","time":"2026-03-06T07:52:58.017Z","pid":1,"hostname":"2fa388e4c889","err":"","msg":"Redis error"}
{"level":"error","time":"2026-03-06T07:53:00.157Z","pid":1,"hostname":"2fa388e4c889","err":"","msg":"Redis error"}
{"level":"error","time":"2026-03-06T07:53:02.247Z","pid":1,"hostname":"2fa388e4c889","err":"","msg":"Redis error"}
{"level":"error","time":"2026-03-06T07:53:04.348Z","pid":1,"hostname":"2fa388e4c889","err":"","msg":"Redis error"}
{"level":"error","time":"2026-03-06T07:53:06.391Z","pid":1,"hostname":"2fa388e4c889","err":"","msg":"Redis error"}
{"level":"error","time":"2026-03-06T07:53:08.536Z","pid":1,"hostname":"2fa388e4c889","err":"","msg":"Redis error"}
{"level":"error","time":"2026-03-06T07:53:10.632Z","pid":1,"hostname":"2fa388e4c889","err":"","msg":"Redis error"}
{"level":"error","time":"2026-03-06T07:53:12.701Z","pid":1,"hostname":"2fa388e4c889","err":"","msg":"Redis error"}
{"level":"error","time":"2026-03-06T07:53:14.748Z","pid":1,"hostname":"2fa388e4c889","err":"","msg":"Redis error"}
{"level":"error","time":"2026-03-06T07:53:16.911Z","pid":1,"hostname":"2fa388e4c889","err":"","msg":"Redis error"}
{"level":"error","time":"2026-03-06T07:53:18.981Z","pid":1,"hostname":"2fa388e4c889","err":"","msg":"Redis error"}
{"level":"error","time":"2026-03-06T07:53:21.177Z","pid":1,"hostname":"2fa388e4c889","err":"","msg":"Redis error"}
{"level":"error","time":"2026-03-06T07:53:23.266Z","pid":1,"hostname":"2fa388e4c889","err":"","msg":"Redis error"}
{"level":"error","time":"2026-03-06T07:53:25.360Z","pid":1,"hostname":"2fa388e4c889","err":"","msg":"Redis error"}
{"level":"error","time":"2026-03-06T07:53:27.487Z","pid":1,"hostname":"2fa388e4c889","err":"","msg":"Redis error"}
{"level":"error","time":"2026-03-06T07:53:29.505Z","pid":1,"hostname":"2fa388e4c889","err":"","msg":"Redis error"}
{"level":"error","time":"2026-03-06T07:53:31.611Z","pid":1,"hostname":"2fa388e4c889","err":"","msg":"Redis error"}
{"level":"error","time":"2026-03-06T07:53:33.657Z","pid":1,"hostname":"2fa388e4c889","err":"","msg":"Redis error"}
{"level":"error","time":"2026-03-06T07:53:35.726Z","pid":1,"hostname":"2fa388e4c889","err":"","msg":"Redis error"}
{"level":"error","time":"2026-03-06T07:53:37.874Z","pid":1,"hostname":"2fa388e4c889","err":"","msg":"Redis error"}
{"level":"info","time":"2026-03-06T07:53:54.600Z","pid":1,"hostname":"2a46bc052fcb","msg":"Redis 连接成功"}
{"level":"info","time":"2026-03-06T07:53:54.615Z","pid":1,"hostname":"2a46bc052fcb","msg":"服务启动","host":"localhost","port":3000,"env":"production12","msg":"Elysia 已启动 http://localhost:3000"}
{"level":"info","time":"2026-03-06T07:55:21.333Z","pid":1,"hostname":"2a46bc052fcb","msg":"request","method":"GET","path":"/nodejs_api/user/captcha","query":"?q=8064949291514523"}
{"level":"info","time":"2026-03-06T07:55:21.348Z","pid":1,"hostname":"2a46bc052fcb","msg":"图形验证码","captchaText":"zrmp","captchaId":"770c61ad-13de-4326-a220-4beaa1051584"}
{"level":"info","time":"2026-03-06T07:55:49.870Z","pid":1,"hostname":"2a46bc052fcb","msg":"request","method":"POST","path":"/nodejs_api/user/login"}
{"level":"info","time":"2026-03-06T07:55:50.070Z","pid":1,"hostname":"2a46bc052fcb","msg":"request","method":"GET","path":"/nodejs_api/user/current"}
{"level":"info","time":"2026-03-06T07:55:50.207Z","pid":1,"hostname":"2a46bc052fcb","msg":"request","method":"GET","path":"/nodejs_api/product/1"}
{"level":"info","time":"2026-03-06T07:55:50.278Z","pid":1,"hostname":"2a46bc052fcb","msg":"request","method":"GET","path":"/public/uploads/ad972854-5b8b-4988-8667-f30f81176781.png"}
{"level":"info","time":"2026-03-06T07:55:50.280Z","pid":1,"hostname":"2a46bc052fcb","msg":"request","method":"GET","path":"/nodejs_api/vendor","query":"?pagination=false"}
{"level":"info","time":"2026-03-06T07:59:33.068Z","pid":1,"hostname":"5e79384f9ab8","msg":"Redis 连接成功"}
{"level":"info","time":"2026-03-06T07:59:33.082Z","pid":1,"hostname":"5e79384f9ab8","msg":"服务启动","host":"localhost","port":3000,"env":"production12","msg":"Elysia 已启动 http://localhost:3000"}
{"level":"info","time":"2026-03-06T07:59:33.309Z","pid":1,"hostname":"5e79384f9ab8","msg":"request","method":"GET","path":"/nodejs_api/product/1"}
{"level":"error","time":"2026-03-06T07:59:33.439Z","pid":1,"hostname":"5e79384f9ab8","error":"PUBLIC_BASE_URL is not defined","stack":"ReferenceError: PUBLIC_BASE_URL is not defined\n    at <anonymous> (/app/src/controllers/productController.ts:63:18)\n    at async handle (file:///app/node_modules/elysia/dist/bun/index.js:20:47)\n    at processTicksAndRejections (native:7:39)","url":"http://localhost:3000/nodejs_api/product/1","msg":"未捕获异常"}
{"level":"info","time":"2026-03-06T08:00:07.068Z","pid":1,"hostname":"1d42f5bdd6a9","msg":"Redis 连接成功"}
{"level":"info","time":"2026-03-06T08:00:07.077Z","pid":1,"hostname":"1d42f5bdd6a9","msg":"服务启动","host":"localhost","port":3000,"env":"production","msg":"Elysia 已启动 http://localhost:3000"}
{"level":"info","time":"2026-03-06T08:00:14.414Z","pid":1,"hostname":"1d42f5bdd6a9","msg":"request","method":"GET","path":"/nodejs_api/product/1"}
{"level":"error","time":"2026-03-06T08:00:14.571Z","pid":1,"hostname":"1d42f5bdd6a9","error":"PUBLIC_BASE_URL is not defined","stack":"ReferenceError: PUBLIC_BASE_URL is not defined\n    at <anonymous> (/app/src/controllers/productController.ts:63:18)\n    at async handle (file:///app/node_modules/elysia/dist/bun/index.js:20:47)\n    at processTicksAndRejections (native:7:39)","url":"http://localhost:3000/nodejs_api/product/1","msg":"未捕获异常"}
{"level":"info","time":"2026-03-06T08:00:17.489Z","pid":1,"hostname":"1d42f5bdd6a9","msg":"request","method":"GET","path":"/nodejs_api/product/1"}
{"level":"error","time":"2026-03-06T08:00:17.511Z","pid":1,"hostname":"1d42f5bdd6a9","error":"PUBLIC_BASE_URL is not defined","stack":"ReferenceError: PUBLIC_BASE_URL is not defined\n    at <anonymous> (/app/src/controllers/productController.ts:63:18)\n    at async handle (file:///app/node_modules/elysia/dist/bun/index.js:20:47)\n    at processTicksAndRejections (native:7:39)","url":"http://localhost:3000/nodejs_api/product/1","msg":"未捕获异常"}
{"level":"info","time":"2026-03-06T08:00:27.551Z","pid":1,"hostname":"1d42f5bdd6a9","msg":"request","method":"GET","path":"/nodejs_api/product/1"}
{"level":"error","time":"2026-03-06T08:00:27.586Z","pid":1,"hostname":"1d42f5bdd6a9","error":"PUBLIC_BASE_URL is not defined","stack":"ReferenceError: PUBLIC_BASE_URL is not defined\n    at <anonymous> (/app/src/controllers/productController.ts:63:18)\n    at async handle (file:///app/node_modules/elysia/dist/bun/index.js:20:47)\n    at processTicksAndRejections (native:7:39)","url":"http://localhost:3000/nodejs_api/product/1","msg":"未捕获异常"}
{"level":"info","time":"2026-03-06T08:00:28.675Z","pid":1,"hostname":"1d42f5bdd6a9","msg":"request","method":"GET","path":"/nodejs_api/product/1"}
{"level":"error","time":"2026-03-06T08:00:28.692Z","pid":1,"hostname":"1d42f5bdd6a9","error":"PUBLIC_BASE_URL is not defined","stack":"ReferenceError: PUBLIC_BASE_URL is not defined\n    at <anonymous> (/app/src/controllers/productController.ts:63:18)\n    at async handle (file:///app/node_modules/elysia/dist/bun/index.js:20:47)\n    at processTicksAndRejections (native:7:39)","url":"http://localhost:3000/nodejs_api/product/1","msg":"未捕获异常"}
{"level":"info","time":"2026-03-06T08:00:34.280Z","pid":1,"hostname":"1d42f5bdd6a9","msg":"request","method":"GET","path":"/nodejs_api/product/1"}
{"level":"error","time":"2026-03-06T08:00:34.297Z","pid":1,"hostname":"1d42f5bdd6a9","error":"PUBLIC_BASE_URL is not defined","stack":"ReferenceError: PUBLIC_BASE_URL is not defined\n    at <anonymous> (/app/src/controllers/productController.ts:63:18)\n    at async handle (file:///app/node_modules/elysia/dist/bun/index.js:20:47)\n    at processTicksAndRejections (native:7:39)","url":"http://localhost:3000/nodejs_api/product/1","msg":"未捕获异常"}
{"level":"info","time":"2026-03-06T08:00:55.425Z","pid":1,"hostname":"1d42f5bdd6a9","msg":"request","method":"GET","path":"/nodejs_api/product/1"}
{"level":"error","time":"2026-03-06T08:00:55.500Z","pid":1,"hostname":"1d42f5bdd6a9","error":"PUBLIC_BASE_URL is not defined","stack":"ReferenceError: PUBLIC_BASE_URL is not defined\n    at <anonymous> (/app/src/controllers/productController.ts:63:18)\n    at async handle (file:///app/node_modules/elysia/dist/bun/index.js:20:47)\n    at processTicksAndRejections (native:7:39)","url":"http://localhost:3000/nodejs_api/product/1","msg":"未捕获异常"}
{"level":"info","time":"2026-03-06T08:01:25.069Z","pid":1,"hostname":"014e195b6d2d","msg":"Redis 连接成功"}
{"level":"info","time":"2026-03-06T08:01:25.080Z","pid":1,"hostname":"014e195b6d2d","msg":"服务启动","host":"localhost","port":3000,"env":"production","msg":"Elysia 已启动 http://localhost:3000"}
{"level":"info","time":"2026-03-06T08:01:27.129Z","pid":1,"hostname":"014e195b6d2d","msg":"request","method":"GET","path":"/nodejs_api/user/current"}
{"level":"info","time":"2026-03-06T08:01:27.251Z","pid":1,"hostname":"014e195b6d2d","msg":"request","method":"GET","path":"/nodejs_api/product/1"}
{"level":"info","time":"2026-03-06T08:01:27.411Z","pid":1,"hostname":"014e195b6d2d","msg":"request","method":"GET","path":"/nodejs_api/vendor","query":"?pagination=false"}
{"level":"info","time":"2026-03-06T08:01:30.060Z","pid":1,"hostname":"014e195b6d2d","msg":"request","method":"GET","path":"/nodejs_api/vendor","query":"?page=1&limit=20"}
{"level":"info","time":"2026-03-06T08:01:30.086Z","pid":1,"hostname":"014e195b6d2d","msg":"request","method":"GET","path":"/nodejs_api/vendor","query":"?page=1&limit=20"}
{"level":"info","time":"2026-03-06T08:05:39.320Z","pid":1,"hostname":"014e195b6d2d","msg":"request","method":"GET","path":"/public/uploads/16797ba5-8aa4-463c-a0df-e3499dfb7337.jpeg"}
{"level":"info","time":"2026-03-06T08:05:58.279Z","pid":1,"hostname":"014e195b6d2d","msg":"request","method":"GET","path":"/public/uploads/8d3cd8ac-5397-4560-b984-54fef5c49af0.png"}
{"level":"info","time":"2026-03-06T08:25:02.702Z","pid":1,"hostname":"014e195b6d2d","msg":"request","method":"GET","path":"/public/uploads/8d3cd8ac-5397-4560-b984-54fef5c49af0.png"}
{"level":"info","time":"2026-03-06T08:39:36.667Z","pid":1,"hostname":"014e195b6d2d","msg":"request","method":"GET","path":"/public/uploads/8d3cd8ac-5397-4560-b984-54fef5c49af0.png"}
{"level":"info","time":"2026-03-06T08:39:38.277Z","pid":1,"hostname":"014e195b6d2d","msg":"request","method":"GET","path":"/public/uploads/8d3cd8ac-5397-4560-b984-54fef5c49af0.png"}
{"level":"info","time":"2026-03-06T08:40:03.073Z","pid":1,"hostname":"014e195b6d2d","msg":"request","method":"GET","path":"/public/uploads/8d3cd8ac-5397-4560-b984-54fef5c49af0.png"}
{"level":"info","time":"2026-03-06T08:44:06.396Z","pid":1,"hostname":"014e195b6d2d","msg":"request","method":"GET","path":"/public/uploads/8d3cd8ac-5397-4560-b984-54fef5c49af0.png"}
{"level":"info","time":"2026-03-06T09:00:47.124Z","pid":1,"hostname":"014e195b6d2d","msg":"request","method":"GET","path":"/public/uploads/8d3cd8ac-5397-4560-b984-54fef5c49af0.png"}
{"level":"info","time":"2026-03-06T09:00:53.589Z","pid":1,"hostname":"014e195b6d2d","msg":"request","method":"GET","path":"/public/uploads/8d3cd8ac-5397-4560-b984-54fef5c49af0.png"}
